// Jest Snapshot v1, https://goo.gl/fbAQLP

exports[`App redners App component correctly 1`] = `
<DocumentFragment>
  <div
    class="App"
  >
    <img
      alt="NasaLogo"
      class="logo"
      src="https://cdn.cnn.com/cnnnext/dam/assets/200424060716-nasa-worm-logo.jpg"
    />
    <div
      class="Search"
    >
      <form
        class="search-form"
      >
        <input
          class="search-input"
          type="text"
        />
        <button
          class="search-button"
          type="submit"
        >
          Go!
        </button>
      </form>
    </div>
    <p
      class="nr-title"
    >
      Please enter a valid search term
    </p>
  </div>
</DocumentFragment>
`;
