// Jest Snapshot v1, https://goo.gl/fbAQLP

exports[`App redners App component correctly 1`] = `
<DocumentFragment>
  <div
    class="App"
  >
    <img
      alt="Nasa logo"
      class="logo"
      src="https://cdn.cnn.com/cnnnext/dam/assets/200424060716-nasa-worm-logo.jpg"
    />
    <input
      class="search_input"
      type="text"
    />
  </div>
</DocumentFragment>
`;
