// Jest Snapshot v1, https://goo.gl/fbAQLP

exports[`SearchResults renders SearchResult component correctly 1`] = `
<DocumentFragment>
  <img
    alt="space-image"
    class="card-image"
    src="test"
  />
  <img
    alt="space-image"
    class="card-image"
    src="test"
  />
</DocumentFragment>
`;
